// Jest Snapshot v1, https://goo.gl/fbAQLP

exports[`About page Should render with correct details 1`] = `
<DocumentFragment>
  <main
    class="main"
  >
    <h1>
      About
    </h1>
    <p>
      This page is a static page whose content doesn't change often, which makes it perfect for snapshot test
    </p>
    <p>
      Always use snapshot tests for static pages, cause that way you can know when details in the page change
    </p>
    <a
      href="/"
    >
      Go Home
    </a>
  </main>
</DocumentFragment>
`;
